[chadcat.io/index.html]
[chadcat.io/assets/img/fb.png]
[backblue.gif]
[fade.gif]
[index.html]
[chadcat.io/assets/css/bootstrap.min.css]
[chadcat.io/assets/css/all.min.css]
[chadcat.io/assets/js/animate.css]
[chadcat.io/assets/css/fontawesome.css]
[chadcat.io/assets/css/meanmenu.css]
[chadcat.io/assets/css/swiper-bundle.min.css]
[chadcat.io/assets/css/default.css]
[chadcat.io/assets/css/style.css]
[chadcat.io/assets/css/responsive.css]
[chadcat.io/index-2.html]
[chadcat.io/assets/img/logo2.png]
[chadcat.io/assets/img/apple-touch-icon.png]
[chadcat.io/assets/img/animation/1.svg]
[chadcat.io/assets/img/animation/2.svg]
[chadcat.io/assets/img/animation/3.svg]
[chadcat.io/assets/img/animation/4.svg]
[chadcat.io/assets/img/animation/5.svg]
[chadcat.io/assets/img/sp1.svg]
[chadcat.io/assets/img/sp2.svg]
[chadcat.io/assets/img/round.png]
[chadcat.io/assets/img/animation/banner-shape.svg]
[chadcat.io/assets/img/banner-img.svg]
[chadcat.io/assets/img/BscCoin.png]
[chadcat.io/assets/img/tg.png]
[chadcat.io/assets/img/x.png]
[chadcat.io/assets/img/logo_bitmart.svg]
[chadcat.io/assets/img/animation/why1.svg]
[chadcat.io/assets/img/animation/white-shape.svg]
[chadcat.io/assets/img/animation/why2.svg]
[chadcat.io/assets/img/animation/why3.svg]
[chadcat.io/assets/img/security.png]
[chadcat.io/assets/img/bully.png]
[chadcat.io/assets/img/charming.png]
[chadcat.io/assets/img/gamer2.png]
[chadcat.io/assets/img/cartun2.png]
[chadcat.io/assets/img/how1.svg]
[chadcat.io/assets/img/animation/6.svg]
[chadcat.io/assets/img/MetaMask_Fox.svg]
[chadcat.io/assets/img/icons1.png]
[chadcat.io/assets/img/pinksale.svg]
[chadcat.io/assets/img/icons2.png]
[chadcat.io/assets/img/78.png]
[chadcat.io/assets/img/line-orange.svg]
[chadcat.io/assets/img/012_2.svg]
[chadcat.io/assets/img/red-line.png]
[chadcat.io/assets/img/arrow.png]
[chadcat.io/assets/img/icon-1/check-1.svg]
[chadcat.io/assets/img/icon-1/not-check.svg]
[chadcat.io/assets/img/red-line.svg]
[chadcat.io/assets/img/chadcat_game.gif]
[chadcat.io/assets/img/slider1.png]
[chadcat.io/assets/img/slider2.png]
[chadcat.io/assets/img/slider3.png]
[chadcat.io/assets/img/slider4.png]
[chadcat.io/assets/img/slider5.png]
[chadcat.io/assets/img/p1.png]
[chadcat.io/assets/img/p4.png]
[chadcat.io/assets/img/p5.png]
[chadcat.io/assets/img/p6.png]
[chadcat.io/assets/img/p7.png]
[chadcat.io/assets/img/p88.png]
[chadcat.io/assets/img/p9.png]
[chadcat.io/assets/img/p10.png]
[chadcat.io/assets/js/jquery.min.js]
[chadcat.io/assets/js/popper.js]
[chadcat.io/assets/js/jquery.sticky.js]
[chadcat.io/assets/js/jquery.meanmenu.js]
[chadcat.io/assets/js/swiper-bundle.min.js]
[chadcat.io/assets/js/bootstrap.min.js]
[chadcat.io/assets/js/jquery.scrollUp.min.js]
[chadcat.io/assets/js/jquery.countdown.min.js]
[chadcat.io/assets/js/easing.js]
[chadcat.io/assets/js/wow.min.js]
[chadcat.io/assets/js/main.js]
[chadcat.io/index.html]
[chadcat.io/assets/css/bootstrap.min.css]
[chadcat.io/assets/js/select-navigation.js]
[chadcat.io/assets/webfonts/fa-brands-400.eot]
[chadcat.io/assets/webfonts/fa-brands-400d41d.eot]
[chadcat.io/assets/webfonts/fa-brands-400.woff2]
[chadcat.io/assets/webfonts/fa-brands-400.woff]
[chadcat.io/assets/webfonts/fa-brands-400.ttf]
[chadcat.io/assets/webfonts/fa-brands-400.svg]
[chadcat.io/assets/webfonts/fa-light-300.eot]
[chadcat.io/assets/webfonts/fa-light-300d41d.eot]
[chadcat.io/assets/webfonts/fa-light-300.woff2]
[chadcat.io/assets/webfonts/fa-light-300.woff]
[chadcat.io/assets/webfonts/fa-light-300.ttf]
[chadcat.io/assets/webfonts/fa-light-300.svg]
[chadcat.io/assets/webfonts/fa-regular-400.eot]
[chadcat.io/assets/webfonts/fa-regular-400d41d.eot]
[chadcat.io/assets/webfonts/fa-regular-400.woff2]
[chadcat.io/assets/webfonts/fa-regular-400.woff]
[chadcat.io/assets/webfonts/fa-regular-400.ttf]
[chadcat.io/assets/webfonts/fa-regular-400.svg]
[chadcat.io/assets/webfonts/fa-solid-900.eot]
[chadcat.io/assets/webfonts/fa-solid-900d41d.eot]
[chadcat.io/assets/webfonts/fa-solid-900.woff2]
[chadcat.io/assets/webfonts/fa-solid-900.woff]
[chadcat.io/assets/webfonts/fa-solid-900.ttf]
[chadcat.io/assets/css/all.min.css]
[chadcat.io/assets/js/animate.css]
[chadcat.io/assets/css/fontawesome.css]
[chadcat.io/assets/css/meanmenu.css]
[chadcat.io/assets/css/swiper-bundle.min.css]
[chadcat.io/assets/css/default.css]
[chadcat.io/assets/img/banner-bg.png]
[chadcat.io/assets/webfonts/fa-solid-900.svg]
[chadcat.io/assets/img/solana_theme/banner-bg.png]
[chadcat.io/assets/img/01.png]
[chadcat.io/assets/img/solana_theme/01.png]
[chadcat.io/assets/img/02.png]
[chadcat.io/assets/img/solana_theme/02.png]
[chadcat.io/assets/img/timeline-bg.png]
[chadcat.io/assets/img/solana_theme/timeline-bg.png]
[chadcat.io/assets/img/timeline.png]
[chadcat.io/assets/img/solana_theme/timeline.png]
[chadcat.io/assets/img/road-map.png]
[chadcat.io/assets/img/solana_theme/road-map.png]
[chadcat.io/assets/img/mobile-timeline.png]
[chadcat.io/assets/img/solana_theme/mobile-timeline.png]
[chadcat.io/assets/css/style.css]
[chadcat.io/assets/css/responsive.css]
[chadcat.io/index-2.html]
[chadcat.io/assets/img/animation/1.svg]
[chadcat.io/assets/img/animation/2.svg]
[chadcat.io/assets/img/animation/3.svg]
[chadcat.io/assets/img/animation/4.svg]
[chadcat.io/assets/img/animation/5.svg]
[chadcat.io/assets/img/sp1.svg]
[chadcat.io/assets/img/sp2.svg]
[chadcat.io/assets/img/animation/banner-shape.svg]
[chadcat.io/assets/img/banner-img.svg]
[chadcat.io/assets/img/logo_bitmart.svg]
[chadcat.io/assets/img/animation/why1.svg]
[chadcat.io/assets/img/animation/white-shape.svg]
[chadcat.io/assets/img/animation/why2.svg]
[chadcat.io/assets/img/animation/why3.svg]
[chadcat.io/assets/img/how1.svg]
[chadcat.io/assets/img/animation/6.svg]
[chadcat.io/assets/img/MetaMask_Fox.svg]
[chadcat.io/assets/img/pinksale.svg]
[chadcat.io/assets/img/line-orange.svg]
[chadcat.io/assets/img/012_2.svg]
[chadcat.io/assets/img/icon-1/check-1.svg]
[chadcat.io/assets/img/icon-1/not-check.svg]
[chadcat.io/assets/img/red-line.svg]
[chadcat.io/assets/webfonts/fa-brands-400.svg]
[chadcat.io/assets/webfonts/fa-light-300.svg]
[chadcat.io/assets/webfonts/fa-regular-400.svg]
[chadcat.io/assets/webfonts/fa-solid-900.svg]
